Command line invocation:
    /Applications/Xcode.app/Contents/Developer/usr/bin/xcodebuild test -project TickyTask.xcodeproj -scheme TickyTask -destination platform=macOS -clonedSourcePackagesDirPath .build/spm CODE_SIGNING_ALLOWED=NO CODE_SIGN_IDENTITY= CODE_SIGNING_REQUIRED=NO

Build settings from command line:
    CODE_SIGN_IDENTITY = 
    CODE_SIGNING_ALLOWED = NO
    CODE_SIGNING_REQUIRED = NO

Resolve Package Graph


Resolved source packages:
  KeyboardShortcuts: https://github.com/sindresorhus/KeyboardShortcuts @ 2.4.0

--- xcodebuild: WARNING: Using the first of multiple matching destinations:
{ platform:macOS, arch:arm64, id:00006040-001A713C3EF8801C, name:My Mac }
{ platform:macOS, arch:x86_64, id:00006040-001A713C3EF8801C, name:My Mac }
note: Using codesigning identity override: 
ComputePackagePrebuildTargetDependencyGraph

Prepare packages

CreateBuildRequest

SendProjectDescription

CreateBuildOperation

ComputeTargetDependencyGraph
note: Building targets in dependency order
note: Target dependency graph (5 targets)
    Target 'TickyTaskTests' in project 'TickyTask'
        ➜ Explicit dependency on target 'TickyTask' in project 'TickyTask'
    Target 'TickyTask' in project 'TickyTask'
        ➜ Explicit dependency on target 'KeyboardShortcuts' in project 'KeyboardShortcuts'
    Target 'KeyboardShortcuts' in project 'KeyboardShortcuts'
        ➜ Explicit dependency on target 'KeyboardShortcuts' in project 'KeyboardShortcuts'
        ➜ Explicit dependency on target 'KeyboardShortcuts_KeyboardShortcuts' in project 'KeyboardShortcuts'
    Target 'KeyboardShortcuts' in project 'KeyboardShortcuts'
        ➜ Explicit dependency on target 'KeyboardShortcuts_KeyboardShortcuts' in project 'KeyboardShortcuts'
    Target 'KeyboardShortcuts_KeyboardShortcuts' in project 'KeyboardShortcuts' (no dependencies)

GatherProvisioningInputs

CreateBuildDescription

ExecuteExternalTool /Applications/Xcode.app/Contents/Developer/Toolchains/XcodeDefault.xctoolchain/usr/bin/clang -v -E -dM -isysroot /Applications/Xcode.app/Contents/Developer/Platforms/MacOSX.platform/Developer/SDKs/MacOSX26.5.sdk -x c -c /dev/null

ExecuteExternalTool /Applications/Xcode.app/Contents/Developer/Toolchains/XcodeDefault.xctoolchain/usr/bin/swiftc --version

ExecuteExternalTool /Applications/Xcode.app/Contents/Developer/usr/bin/actool --version --output-format xml1

ExecuteExternalTool /Applications/Xcode.app/Contents/Developer/Toolchains/XcodeDefault.xctoolchain/usr/bin/ld -version_details

Build description signature: fbd13eaab30c815652f593c4867725fd
Build description path: /Users/nikhil.komakula/Library/Developer/Xcode/DerivedData/TickyTask-hcqdjxkpbjabftcldmtssoeunekq/Build/Intermediates.noindex/XCBuildData/fbd13eaab30c815652f593c4867725fd.xcbuilddata
ClangStatCache /Applications/Xcode.app/Contents/Developer/Toolchains/XcodeDefault.xctoolchain/usr/bin/clang-stat-cache /Applications/Xcode.app/Contents/Developer/Platforms/MacOSX.platform/Developer/SDKs/MacOSX26.5.sdk /Users/nikhil.komakula/Library/Developer/Xcode/DerivedData/SDKStatCaches.noindex/macosx26.5-25F70-e082c4a02f00227109f4ed75e425c832.sdkstatcache
    cd /Users/nikhil.komakula/Databricks/Workspace/personal-projects/ticky-task/TickyTask.xcodeproj
    /Applications/Xcode.app/Contents/Developer/Toolchains/XcodeDefault.xctoolchain/usr/bin/clang-stat-cache /Applications/Xcode.app/Contents/Developer/Platforms/MacOSX.platform/Developer/SDKs/MacOSX26.5.sdk -o /Users/nikhil.komakula/Library/Developer/Xcode/DerivedData/SDKStatCaches.noindex/macosx26.5-25F70-e082c4a02f00227109f4ed75e425c832.sdkstatcache

ProcessInfoPlistFile /Users/nikhil.komakula/Library/Developer/Xcode/DerivedData/TickyTask-hcqdjxkpbjabftcldmtssoeunekq/Build/Products/Debug/KeyboardShortcuts_KeyboardShortcuts.bundle/Contents/Info.plist /Users/nikhil.komakula/Library/Developer/Xcode/DerivedData/TickyTask-hcqdjxkpbjabftcldmtssoeunekq/Build/Intermediates.noindex/KeyboardShortcuts.build/Debug/KeyboardShortcuts_KeyboardShortcuts.build/empty-KeyboardShortcuts_KeyboardShortcuts.plist (in target 'KeyboardShortcuts_KeyboardShortcuts' from project 'KeyboardShortcuts')
    cd /Users/nikhil.komakula/Databricks/Workspace/personal-projects/ticky-task/.build/spm/checkouts/KeyboardShortcuts
    builtin-infoPlistUtility /Users/nikhil.komakula/Library/Developer/Xcode/DerivedData/TickyTask-hcqdjxkpbjabftcldmtssoeunekq/Build/Intermediates.noindex/KeyboardShortcuts.build/Debug/KeyboardShortcuts_KeyboardShortcuts.build/empty-KeyboardShortcuts_KeyboardShortcuts.plist -producttype com.apple.product-type.bundle -expandbuildsettings -platform macosx -o /Users/nikhil.komakula/Library/Developer/Xcode/DerivedData/TickyTask-hcqdjxkpbjabftcldmtssoeunekq/Build/Products/Debug/KeyboardShortcuts_KeyboardShortcuts.bundle/Contents/Info.plist

note: Run script build phase 'Stamp version from latest git tag' will be run during every build because the option to run the script phase "Based on dependency analysis" is unchecked. (in target 'TickyTask' from project 'TickyTask')
PhaseScriptExecution Stamp\ version\ from\ latest\ git\ tag /Users/nikhil.komakula/Library/Developer/Xcode/DerivedData/TickyTask-hcqdjxkpbjabftcldmtssoeunekq/Build/Intermediates.noindex/TickyTask.build/Debug/TickyTask.build/Script-2DC81EACA7D179DBB9537E36.sh (in target 'TickyTask' from project 'TickyTask')
    cd /Users/nikhil.komakula/Databricks/Workspace/personal-projects/ticky-task
    export ACTION\=build
    export AD_HOC_CODE_SIGNING_ALLOWED\=YES
    export AGGREGATE_TRACKED_DOMAINS\=YES
    export ALLOW_BUILD_REQUEST_OVERRIDES\=NO
    export ALLOW_TARGET_PLATFORM_SPECIALIZATION\=NO
    export ALTERNATE_GROUP\=staff
    export ALTERNATE_MODE\=u+w,go-w,a+rX
    export ALTERNATE_OWNER\=nikhil.komakula
    export ALTERNATIVE_DISTRIBUTION_WEB\=NO
    export ALWAYS_EMBED_SWIFT_STANDARD_LIBRARIES\=NO
    export ALWAYS_SEARCH_USER_PATHS\=NO
    export ALWAYS_USE_SEPARATE_HEADERMAPS\=NO
    export APPLICATION_EXTENSION_API_ONLY\=NO
    export APPLY_RULES_IN_COPY_FILES\=NO
    export APPLY_RULES_IN_COPY_HEADERS\=NO
    export APP_SHORTCUTS_ENABLE_FLEXIBLE_MATCHING\=YES
    export ARCHS\=arm64
    export ARCHS_BASE\=arm64
    export ARCHS_STANDARD\=arm64\ x86_64
    export ARCHS_STANDARD_32_64_BIT\=arm64\ x86_64\ i386
    export ARCHS_STANDARD_32_BIT\=i386
    export ARCHS_STANDARD_64_BIT\=arm64\ x86_64
    export ARCHS_STANDARD_INCLUDING_64_BIT\=arm64\ x86_64
    export ASSETCATALOG_COMPILER_APPICON_NAME\=AppIcon
    export AUTOMATICALLY_MERGE_DEPENDENCIES\=NO
    export AUTOMATION_APPLE_EVENTS\=NO
    export AVAILABLE_PLATFORMS\=android\ appletvos\ appletvsimulator\ driverkit\ freebsd\ iphoneos\ iphonesimulator\ linux\ macosx\ none\ openbsd\ qnx\ watchos\ watchsimulator\ webassembly\ xros\ xrsimulator
    export BUILD_ACTIVE_RESOURCES_ONLY\=NO
    export BUILD_COMPONENTS\=headers\ build
    export BUILD_DIR\=/Users/nikhil.komakula/Library/Developer/Xcode/DerivedData/TickyTask-hcqdjxkpbjabftcldmtssoeunekq/Build/Products
    export BUILD_LIBRARY_FOR_DISTRIBUTION\=NO
    export BUILD_ONLY_KNOWN_LOCALIZATIONS\=NO
    export BUILD_ROOT\=/Users/nikhil.komakula/Library/Developer/Xcode/DerivedData/TickyTask-hcqdjxkpbjabftcldmtssoeunekq/Build/Products
    export BUILD_STYLE\=
    export BUILD_VARIANTS\=normal
    export BUILT_PRODUCTS_DIR\=/Users/nikhil.komakula/Library/Developer/Xcode/DerivedData/TickyTask-hcqdjxkpbjabftcldmtssoeunekq/Build/Products/Debug
    export BUNDLE_CONTENTS_FOLDER_PATH\=Contents/
    export BUNDLE_CONTENTS_FOLDER_PATH_deep\=Contents/
    export BUNDLE_EXECUTABLE_FOLDER_NAME_deep\=MacOS
    export BUNDLE_EXECUTABLE_FOLDER_PATH\=Contents/MacOS
    export BUNDLE_EXTENSIONS_FOLDER_PATH\=Contents/Extensions
    export BUNDLE_FORMAT\=deep
    export BUNDLE_FRAMEWORKS_FOLDER_PATH\=Contents/Frameworks
    export BUNDLE_PLUGINS_FOLDER_PATH\=Contents/PlugIns
    export BUNDLE_PRIVATE_HEADERS_FOLDER_PATH\=Contents/PrivateHeaders
    export BUNDLE_PUBLIC_HEADERS_FOLDER_PATH\=Contents/Headers
    export CACHE_ROOT\=/var/folders/sy/77g6bxjd4rdd634hjpssl5z80000gp/C/com.apple.DeveloperTools/26.6-17F113/Xcode
    export CCHROOT\=/var/folders/sy/77g6bxjd4rdd634hjpssl5z80000gp/C/com.apple.DeveloperTools/26.6-17F113/Xcode
    export CHMOD\=/bin/chmod
    export CHOWN\=chown
    export CLANG_ANALYZER_NONNULL\=YES
    export CLANG_ANALYZER_NUMBER_OBJECT_CONVERSION\=YES_AGGRESSIVE
    export CLANG_CACHE_FINE_GRAINED_OUTPUTS\=YES
    export CLANG_CXX_LANGUAGE_STANDARD\=gnu++14
    export CLANG_CXX_LIBRARY\=libc++
    export CLANG_ENABLE_EXPLICIT_MODULES\=YES
    export CLANG_ENABLE_MODULES\=YES
    export CLANG_ENABLE_OBJC_ARC\=YES
    export CLANG_ENABLE_OBJC_WEAK\=YES
    export CLANG_MODULES_BUILD_SESSION_FILE\=/Users/nikhil.komakula/Library/Developer/Xcode/DerivedData/ModuleCache.noindex/Session.modulevalidation
    export CLANG_WARN_BLOCK_CAPTURE_AUTORELEASING\=YES
    export CLANG_WARN_BOOL_CONVERSION\=YES
    export CLANG_WARN_COMMA\=YES
    export CLANG_WARN_CONSTANT_CONVERSION\=YES
    export CLANG_WARN_DEPRECATED_OBJC_IMPLEMENTATIONS\=YES
    export CLANG_WARN_DIRECT_OBJC_ISA_USAGE\=YES_ERROR
    export CLANG_WARN_DOCUMENTATION_COMMENTS\=YES
    export CLANG_WARN_EMPTY_BODY\=YES
    export CLANG_WARN_ENUM_CONVERSION\=YES
    export CLANG_WARN_INFINITE_RECURSION\=YES
    export CLANG_WARN_INT_CONVERSION\=YES
    export CLANG_WARN_NON_LITERAL_NULL_CONVERSION\=YES
    export CLANG_WARN_OBJC_IMPLICIT_RETAIN_SELF\=YES
    export CLANG_WARN_OBJC_LITERAL_CONVERSION\=YES
    export CLANG_WARN_OBJC_ROOT_CLASS\=YES_ERROR
    export CLANG_WARN_QUOTED_INCLUDE_IN_FRAMEWORK_HEADER\=YES
    export CLANG_WARN_RANGE_LOOP_ANALYSIS\=YES
    export CLANG_WARN_STRICT_PROTOTYPES\=YES
    export CLANG_WARN_SUSPICIOUS_MOVE\=YES
    export CLANG_WARN_UNGUARDED_AVAILABILITY\=YES_AGGRESSIVE
    export CLANG_WARN_UNREACHABLE_CODE\=YES
    export CLANG_WARN__DUPLICATE_METHOD_MATCH\=YES
    export CLASS_FILE_DIR\=/Users/nikhil.komakula/Library/Developer/Xcode/DerivedData/TickyTask-hcqdjxkpbjabftcldmtssoeunekq/Build/Intermediates.noindex/TickyTask.build/Debug/TickyTask.build/JavaClasses
    export CLEAN_PRECOMPS\=YES
    export CLONE_HEADERS\=NO
    export CODESIGNING_FOLDER_PATH\=/Users/nikhil.komakula/Library/Developer/Xcode/DerivedData/TickyTask-hcqdjxkpbjabftcldmtssoeunekq/Build/Products/Debug/TickyTask.app
    export CODE_SIGNING_ALLOWED\=NO
    export CODE_SIGNING_REQUIRED\=NO
    export CODE_SIGN_IDENTITY_NO\=Apple\ Development
    export CODE_SIGN_IDENTITY_YES\=-
    export CODE_SIGN_INJECT_BASE_ENTITLEMENTS\=YES
    export CODE_SIGN_STYLE\=Manual
    export COLOR_DIAGNOSTICS\=NO
    export COMBINE_HIDPI_IMAGES\=YES
    export COMPILATION_CACHE_CAS_PATH\=/Users/nikhil.komakula/Library/Developer/Xcode/DerivedData/CompilationCache.noindex
    export COMPILATION_CACHE_KEEP_CAS_DIRECTORY\=YES
    export COMPILER_INDEX_STORE_ENABLE\=Default
    export COMPOSITE_SDK_DIRS\=/Users/nikhil.komakula/Library/Developer/Xcode/DerivedData/TickyTask-hcqdjxkpbjabftcldmtssoeunekq/Build/Intermediates.noindex/CompositeSDKs
    export COMPRESS_PNG_FILES\=NO
    export CONFIGURATION\=Debug
    export CONFIGURATION_BUILD_DIR\=/Users/nikhil.komakula/Library/Developer/Xcode/DerivedData/TickyTask-hcqdjxkpbjabftcldmtssoeunekq/Build/Products/Debug
    export CONFIGURATION_TEMP_DIR\=/Users/nikhil.komakula/Library/Developer/Xcode/DerivedData/TickyTask-hcqdjxkpbjabftcldmtssoeunekq/Build/Intermediates.noindex/TickyTask.build/Debug
    export CONTENTS_FOLDER_PATH\=TickyTask.app/Contents
    export CONTENTS_FOLDER_PATH_SHALLOW_BUNDLE_NO\=TickyTask.app/Contents
    export CONTENTS_FOLDER_PATH_SHALLOW_BUNDLE_YES\=TickyTask.app
    export COPYING_PRESERVES_HFS_DATA\=NO
    export COPY_HEADERS_RUN_UNIFDEF\=NO
    export COPY_PHASE_STRIP\=NO
    export CP\=/bin/cp
    export CREATE_INFOPLIST_SECTION_IN_BINARY\=NO
    export CURRENT_ARCH\=undefined_arch
    export CURRENT_PROJECT_VERSION\=1
    export CURRENT_VARIANT\=normal
    export DEAD_CODE_STRIPPING\=NO
    export DEBUGGING_SYMBOLS\=YES
    export DEBUG_INFORMATION_FORMAT\=dwarf
    export DEBUG_INFORMATION_VERSION\=compiler-default
    export DEFAULT_COMPILER\=com.apple.compilers.llvm.clang.1_0
    export DEFAULT_DEXT_INSTALL_PATH\=/System/Library/DriverExtensions
    export DEFAULT_KEXT_INSTALL_PATH\=/System/Library/Extensions
    export DEFINES_MODULE\=NO
    export DEPLOYMENT_LOCATION\=NO
    export DEPLOYMENT_POSTPROCESSING\=NO
    export DEPLOYMENT_TARGET_SETTING_NAME\=MACOSX_DEPLOYMENT_TARGET
    export DEPLOYMENT_TARGET_SUGGESTED_VALUES\=10.13\ 10.14\ 10.15\ 11.0\ 11.1\ 11.2\ 11.3\ 11.4\ 11.5\ 12.0\ 12.2\ 12.3\ 12.4\ 13.0\ 13.1\ 13.2\ 13.3\ 13.4\ 13.5\ 14.0\ 14.1\ 14.2\ 14.3\ 14.4\ 14.5\ 14.6\ 15.0\ 15.1\ 15.2\ 15.3\ 15.4\ 15.5\ 15.6\ 26.0\ 26.1\ 26.2\ 26.3\ 26.4\ 26.5
    export DERIVED_FILES_DIR\=/Users/nikhil.komakula/Library/Developer/Xcode/DerivedData/TickyTask-hcqdjxkpbjabftcldmtssoeunekq/Build/Intermediates.noindex/TickyTask.build/Debug/TickyTask.build/DerivedSources
    export DERIVED_FILE_DIR\=/Users/nikhil.komakula/Library/Developer/Xcode/DerivedData/TickyTask-hcqdjxkpbjabftcldmtssoeunekq/Build/Intermediates.noindex/TickyTask.build/Debug/TickyTask.build/DerivedSources
    export DERIVED_SOURCES_DIR\=/Users/nikhil.komakula/Library/Developer/Xcode/DerivedData/TickyTask-hcqdjxkpbjabftcldmtssoeunekq/Build/Intermediates.noindex/TickyTask.build/Debug/TickyTask.build/DerivedSources
    export DEVELOPER_APPLICATIONS_DIR\=/Applications/Xcode.app/Contents/Developer/Applications
    export DEVELOPER_BIN_DIR\=/Applications/Xcode.app/Contents/Developer/usr/bin
    export DEVELOPER_DIR\=/Applications/Xcode.app/Contents/Developer
    export DEVELOPER_FRAMEWORKS_DIR\=/Applications/Xcode.app/Contents/Developer/Library/Frameworks
    export DEVELOPER_FRAMEWORKS_DIR_QUOTED\=/Applications/Xcode.app/Contents/Developer/Library/Frameworks
    export DEVELOPER_LIBRARY_DIR\=/Applications/Xcode.app/Contents/Developer/Library
    export DEVELOPER_SDK_DIR\=/Applications/Xcode.app/Contents/Developer/Platforms/MacOSX.platform/Developer/SDKs
    export DEVELOPER_TOOLS_DIR\=/Applications/Xcode.app/Contents/Developer/Tools
    export DEVELOPER_USR_DIR\=/Applications/Xcode.app/Contents/Developer/usr
    export DEVELOPMENT_LANGUAGE\=en
    export DIAGNOSE_MISSING_TARGET_DEPENDENCIES\=YES
    export DIFF\=/usr/bin/diff
    export DOCUMENTATION_FOLDER_PATH\=TickyTask.app/Contents/Resources/en.lproj/Documentation
    export DONT_GENERATE_INFOPLIST_FILE\=NO
    export DSTROOT\=/tmp/TickyTask.dst
    export DT_TOOLCHAIN_DIR\=/Applications/Xcode.app/Contents/Developer/Toolchains/XcodeDefault.xctoolchain
    export DUMP_DEPENDENCIES\=NO
    export DUMP_DEPENDENCIES_OUTPUT_PATH\=/Users/nikhil.komakula/Library/Developer/Xcode/DerivedData/TickyTask-hcqdjxkpbjabftcldmtssoeunekq/Build/Intermediates.noindex/TickyTask.build/Debug/TickyTask.build/TickyTask-BuildDependencyInfo.json
    export DWARF_DSYM_FILE_NAME\=TickyTask.app.dSYM
    export DWARF_DSYM_FILE_SHOULD_ACCOMPANY_PRODUCT\=NO
    export DWARF_DSYM_FOLDER_PATH\=/Users/nikhil.komakula/Library/Developer/Xcode/DerivedData/TickyTask-hcqdjxkpbjabftcldmtssoeunekq/Build/Products/Debug
    export DYNAMIC_LIBRARY_EXTENSION\=dylib
    export EAGER_COMPILATION_ALLOW_SCRIPTS\=NO
    export EAGER_LINKING\=NO
    export EFFECTIVE_SWIFT_VERSION\=5
    export EMBEDDED_CONTENT_CONTAINS_SWIFT\=NO
    export EMBEDDED_PROFILE_NAME\=embedded.provisionprofile
    export EMBED_ASSET_PACKS_IN_PRODUCT_BUNDLE\=NO
    export EMBED_PACKAGE_RESOURCE_BUNDLE_NAMES\=\ KeyboardShortcuts_KeyboardShortcuts
    export ENABLE_APP_SANDBOX\=NO
    export ENABLE_CODE_COVERAGE\=YES
    export ENABLE_COHORT_ARCHS\=NO
    export ENABLE_CPLUSPLUS_BOUNDS_SAFE_BUFFERS\=NO
    export ENABLE_C_BOUNDS_SAFETY\=NO
    export ENABLE_DEBUG_DYLIB\=YES
    export ENABLE_DEFAULT_HEADER_SEARCH_PATHS\=YES
    export ENABLE_DEFAULT_SEARCH_PATHS\=YES
    export ENABLE_ENHANCED_SECURITY\=NO
    export ENABLE_HARDENED_RUNTIME\=NO
    export ENABLE_HEADER_DEPENDENCIES\=YES
    export ENABLE_INCOMING_NETWORK_CONNECTIONS\=NO
    export ENABLE_ON_DEMAND_RESOURCES\=NO
    export ENABLE_OUTGOING_NETWORK_CONNECTIONS\=NO
    export ENABLE_POINTER_AUTHENTICATION\=NO
    export ENABLE_PREVIEWS\=NO
    export ENABLE_RESOURCE_ACCESS_AUDIO_INPUT\=NO
    export ENABLE_RESOURCE_ACCESS_BLUETOOTH\=NO
    export ENABLE_RESOURCE_ACCESS_CALENDARS\=NO
    export ENABLE_RESOURCE_ACCESS_CAMERA\=NO
    export ENABLE_RESOURCE_ACCESS_CONTACTS\=NO
    export ENABLE_RESOURCE_ACCESS_LOCATION\=NO
    export ENABLE_RESOURCE_ACCESS_PHOTO_LIBRARY\=NO
    export ENABLE_RESOURCE_ACCESS_PRINTING\=NO
    export ENABLE_RESOURCE_ACCESS_USB\=NO
    export ENABLE_SDK_IMPORTS\=NO
    export ENABLE_SECURITY_COMPILER_WARNINGS\=NO
    export ENABLE_STRICT_OBJC_MSGSEND\=YES
    export ENABLE_TESTABILITY\=YES
    export ENABLE_TESTING_SEARCH_PATHS\=NO
    export ENABLE_USER_SCRIPT_SANDBOXING\=NO
    export ENABLE_XOJIT_PREVIEWS\=YES
    export ENFORCE_VALID_ARCHS\=YES
    export ENTITLEMENTS_ALLOWED\=YES
    export ENTITLEMENTS_DESTINATION\=Signature
    export ENTITLEMENTS_REQUIRED\=NO
    export EXCLUDED_INSTALLSRC_SUBDIRECTORY_PATTERNS\=.DS_Store\ .svn\ .git\ .hg\ CVS
    export EXCLUDED_RECURSIVE_SEARCH_PATH_SUBDIRECTORIES\=\*.nib\ \*.lproj\ \*.framework\ \*.gch\ \*.xcode\*\ \*.xcassets\ \*.icon\ \(\*\)\ .DS_Store\ CVS\ .svn\ .git\ .hg\ \*.pbproj\ \*.pbxproj
    export EXECUTABLES_FOLDER_PATH\=TickyTask.app/Contents/Executables
    export EXECUTABLE_BLANK_INJECTION_DYLIB_PATH\=TickyTask.app/Contents/MacOS/__preview.dylib
    export EXECUTABLE_DEBUG_DYLIB_INSTALL_NAME\=@rpath/TickyTask.debug.dylib
    export EXECUTABLE_DEBUG_DYLIB_PATH\=TickyTask.app/Contents/MacOS/TickyTask.debug.dylib
    export EXECUTABLE_FOLDER_PATH\=TickyTask.app/Contents/MacOS
    export EXECUTABLE_FOLDER_PATH_SHALLOW_BUNDLE_NO\=TickyTask.app/Contents/MacOS
    export EXECUTABLE_FOLDER_PATH_SHALLOW_BUNDLE_YES\=TickyTask.app/Contents
    export EXECUTABLE_NAME\=TickyTask
    export EXECUTABLE_PATH\=TickyTask.app/Contents/MacOS/TickyTask
    export EXTENSIONS_FOLDER_PATH\=TickyTask.app/Contents/Extensions
    export FILE_LIST\=/Users/nikhil.komakula/Library/Developer/Xcode/DerivedData/TickyTask-hcqdjxkpbjabftcldmtssoeunekq/Build/Intermediates.noindex/TickyTask.build/Debug/TickyTask.build/Objects/LinkFileList
    export FIXED_FILES_DIR\=/Users/nikhil.komakula/Library/Developer/Xcode/DerivedData/TickyTask-hcqdjxkpbjabftcldmtssoeunekq/Build/Intermediates.noindex/TickyTask.build/Debug/TickyTask.build/FixedFiles
    export FRAMEWORKS_FOLDER_PATH\=TickyTask.app/Contents/Frameworks
    export FRAMEWORK_FLAG_PREFIX\=-framework
    export FRAMEWORK_SEARCH_PATHS\=/Users/nikhil.komakula/Library/Developer/Xcode/DerivedData/TickyTask-hcqdjxkpbjabftcldmtssoeunekq/Build/Products/Debug/PackageFrameworks\ /Users/nikhil.komakula/Library/Developer/Xcode/DerivedData/TickyTask-hcqdjxkpbjabftcldmtssoeunekq/Build/Products/Debug\ 
    export FRAMEWORK_VERSION\=A
    export FULL_PRODUCT_NAME\=TickyTask.app
    export FUSE_BUILD_PHASES\=YES
    export FUSE_BUILD_SCRIPT_PHASES\=NO
    export GCC3_VERSION\=3.3
    export GCC_C_LANGUAGE_STANDARD\=gnu11
    export GCC_DYNAMIC_NO_PIC\=NO
    export GCC_INLINES_ARE_PRIVATE_EXTERN\=YES
    export GCC_NO_COMMON_BLOCKS\=YES
    export GCC_OPTIMIZATION_LEVEL\=0
    export GCC_PFE_FILE_C_DIALECTS\=c\ objective-c\ c++\ objective-c++
    export GCC_PREPROCESSOR_DEFINITIONS\=\ DEBUG\=1
    export GCC_SYMBOLS_PRIVATE_EXTERN\=NO
    export GCC_TREAT_WARNINGS_AS_ERRORS\=NO
    export GCC_VERSION\=com.apple.compilers.llvm.clang.1_0
    export GCC_VERSION_IDENTIFIER\=com_apple_compilers_llvm_clang_1_0
    export GCC_WARN_64_TO_32_BIT_CONVERSION\=YES
    export GCC_WARN_ABOUT_RETURN_TYPE\=YES_ERROR
    export GCC_WARN_UNDECLARED_SELECTOR\=YES
    export GCC_WARN_UNINITIALIZED_AUTOS\=YES_AGGRESSIVE
    export GCC_WARN_UNUSED_FUNCTION\=YES
    export GCC_WARN_UNUSED_VARIABLE\=YES
    export GENERATED_MODULEMAP_DIR\=/Users/nikhil.komakula/Library/Developer/Xcode/DerivedData/TickyTask-hcqdjxkpbjabftcldmtssoeunekq/Build/Intermediates.noindex/GeneratedModuleMaps
    export GENERATE_INFOPLIST_FILE\=NO
    export GENERATE_INTERMEDIATE_TEXT_BASED_STUBS\=YES
    export GENERATE_PKGINFO_FILE\=YES
    export GENERATE_PRELINK_OBJECT_FILE\=NO
    export GENERATE_PROFILING_CODE\=NO
    export GENERATE_TEXT_BASED_STUBS\=NO
    export GID\=20
    export GROUP\=staff
    export HEADERMAP_INCLUDES_FLAT_ENTRIES_FOR_TARGET_BEING_BUILT\=YES
    export HEADERMAP_INCLUDES_FRAMEWORK_ENTRIES_FOR_ALL_PRODUCT_TYPES\=YES
    export HEADERMAP_INCLUDES_FRAMEWORK_ENTRIES_FOR_TARGETS_NOT_BEING_BUILT\=YES
    export HEADERMAP_INCLUDES_NONPUBLIC_NONPRIVATE_HEADERS\=YES
    export HEADERMAP_INCLUDES_PROJECT_HEADERS\=YES
    export HEADERMAP_USES_FRAMEWORK_PREFIX_ENTRIES\=YES
    export HEADERMAP_USES_VFS\=NO
    export HEADER_SEARCH_PATHS\=/Users/nikhil.komakula/Library/Developer/Xcode/DerivedData/TickyTask-hcqdjxkpbjabftcldmtssoeunekq/Build/Products/Debug/include\ 
    export HOME\=/Users/nikhil.komakula
    export HOST_ARCH\=arm64
    export HOST_PLATFORM\=macosx
    export ICONV\=/usr/bin/iconv
    export IMPLICIT_DEPENDENCY_DOMAIN\=default
    export INDEX_STORE_COMPRESS\=NO
    export INDEX_STORE_ONLY_PROJECT_FILES\=NO
    export INFOPLIST_ENABLE_CFBUNDLEICONS_MERGE\=YES
    export INFOPLIST_EXPAND_BUILD_SETTINGS\=YES
    export INFOPLIST_FILE\=Sources/TickyTask/Support/Info.plist
    export INFOPLIST_OUTPUT_FORMAT\=same-as-input
    export INFOPLIST_PATH\=TickyTask.app/Contents/Info.plist
    export INFOPLIST_PREPROCESS\=NO
    export INFOSTRINGS_PATH\=TickyTask.app/Contents/Resources/en.lproj/InfoPlist.strings
    export INLINE_PRIVATE_FRAMEWORKS\=NO
    export INSTALLAPI_IGNORE_SKIP_INSTALL\=YES
    export INSTALLHDRS_COPY_PHASE\=NO
    export INSTALLHDRS_SCRIPT_PHASE\=NO
    export INSTALL_DIR\=/tmp/TickyTask.dst/Applications
    export INSTALL_GROUP\=staff
    export INSTALL_MODE_FLAG\=u+w,go-w,a+rX
    export INSTALL_OWNER\=nikhil.komakula
    export INSTALL_PATH\=/Applications
    export INSTALL_ROOT\=/tmp/TickyTask.dst
    export IOS_UNZIPPERED_TWIN_PREFIX_PATH\=/System/iOSSupport
    export IS_MACCATALYST\=NO
    export IS_UNOPTIMIZED_BUILD\=YES
    export JAVAC_DEFAULT_FLAGS\=-J-Xms64m\ -J-XX:NewSize\=4M\ -J-Dfile.encoding\=UTF8
    export JAVA_APP_STUB\=/System/Library/Frameworks/JavaVM.framework/Resources/MacOS/JavaApplicationStub
    export JAVA_ARCHIVE_CLASSES\=YES
    export JAVA_ARCHIVE_TYPE\=JAR
    export JAVA_COMPILER\=/usr/bin/javac
    export JAVA_FOLDER_PATH\=TickyTask.app/Contents/Resources/Java
    export JAVA_FRAMEWORK_RESOURCES_DIRS\=Resources
    export JAVA_JAR_FLAGS\=cv
    export JAVA_SOURCE_SUBDIR\=.
    export JAVA_USE_DEPENDENCIES\=YES
    export JAVA_ZIP_FLAGS\=-urg
    export JIKES_DEFAULT_FLAGS\=+E\ +OLDCSO
    export KASAN_CFLAGS_CLASSIC\=-DKASAN\=1\ -DKASAN_CLASSIC\=1\ -fsanitize\=address\ -mllvm\ -asan-globals-live-support\ -mllvm\ -asan-force-dynamic-shadow
    export KASAN_CFLAGS_TBI\=-DKASAN\=1\ -DKASAN_TBI\=1\ -fsanitize\=kernel-hwaddress\ -mllvm\ -hwasan-recover\=0\ -mllvm\ -hwasan-instrument-atomics\=0\ -mllvm\ -hwasan-instrument-stack\=1\ -mllvm\ -hwasan-generate-tags-with-calls\=1\ -mllvm\ -hwasan-instrument-with-calls\=1\ -mllvm\ -hwasan-use-short-granules\=0\ -mllvm\ -hwasan-memory-access-callback-prefix\=__asan_
    export KASAN_DEFAULT_CFLAGS\=-DKASAN\=1\ -DKASAN_CLASSIC\=1\ -fsanitize\=address\ -mllvm\ -asan-globals-live-support\ -mllvm\ -asan-force-dynamic-shadow
    export KEEP_PRIVATE_EXTERNS\=NO
    export LD_DEPENDENCY_INFO_FILE\=/Users/nikhil.komakula/Library/Developer/Xcode/DerivedData/TickyTask-hcqdjxkpbjabftcldmtssoeunekq/Build/Intermediates.noindex/TickyTask.build/Debug/TickyTask.build/Objects-normal/undefined_arch/TickyTask_dependency_info.dat
    export LD_EXPORT_SYMBOLS\=YES
    export LD_GENERATE_MAP_FILE\=NO
    export LD_MAP_FILE_PATH\=/Users/nikhil.komakula/Library/Developer/Xcode/DerivedData/TickyTask-hcqdjxkpbjabftcldmtssoeunekq/Build/Intermediates.noindex/TickyTask.build/Debug/TickyTask.build/TickyTask-LinkMap-normal-undefined_arch.txt
    export LD_NO_PIE\=NO
    export LD_QUOTE_LINKER_ARGUMENTS_FOR_COMPILER_DRIVER\=YES
    export LD_RUNPATH_SEARCH_PATHS\=/Users/nikhil.komakula/Library/Developer/Xcode/DerivedData/TickyTask-hcqdjxkpbjabftcldmtssoeunekq/Build/Products/Debug/PackageFrameworks\ \ @executable_path/../Frameworks
    export LD_RUNPATH_SEARCH_PATHS_YES\=@loader_path/../Frameworks
    export LD_SHARED_CACHE_ELIGIBLE\=Automatic
    export LD_WARN_DUPLICATE_LIBRARIES\=NO
    export LD_WARN_UNUSED_DYLIBS\=NO
    export LEGACY_DEVELOPER_DIR\=/Applications/Xcode.app/Contents/PlugIns/Xcode3Core.ideplugin/Contents/SharedSupport/Developer
    export LEX\=lex
    export LIBRARY_DEXT_INSTALL_PATH\=/Library/DriverExtensions
    export LIBRARY_FLAG_NOSPACE\=YES
    export LIBRARY_FLAG_PREFIX\=-l
    export LIBRARY_KEXT_INSTALL_PATH\=/Library/Extensions
    export LIBRARY_SEARCH_PATHS\=/Users/nikhil.komakula/Library/Developer/Xcode/DerivedData/TickyTask-hcqdjxkpbjabftcldmtssoeunekq/Build/Products/Debug\ 
    export LINKER_DISPLAYS_MANGLED_NAMES\=NO
    export LINK_FILE_LIST_normal_arm64\=/Users/nikhil.komakula/Library/Developer/Xcode/DerivedData/TickyTask-hcqdjxkpbjabftcldmtssoeunekq/Build/Intermediates.noindex/TickyTask.build/Debug/TickyTask.build/Objects-normal/arm64/TickyTask.LinkFileList
    export LINK_OBJC_RUNTIME\=YES
    export LINK_WITH_STANDARD_LIBRARIES\=YES
    export LLVM_TARGET_TRIPLE_OS_VERSION\=macos15.0
    export LLVM_TARGET_TRIPLE_OS_VERSION_NO\=macos15.0
    export LLVM_TARGET_TRIPLE_OS_VERSION_YES\=macos26.5
    export LLVM_TARGET_TRIPLE_VENDOR\=apple
    export LM_AUX_CONST_METADATA_LIST_PATH_normal_arm64\=/Users/nikhil.komakula/Library/Developer/Xcode/DerivedData/TickyTask-hcqdjxkpbjabftcldmtssoeunekq/Build/Intermediates.noindex/TickyTask.build/Debug/TickyTask.build/Objects-normal/arm64/TickyTask.SwiftConstValuesFileList
    export LOCALIZATION_EXPORT_SUPPORTED\=YES
    export LOCALIZATION_PREFERS_STRING_CATALOGS\=NO
    export LOCALIZED_RESOURCES_FOLDER_PATH\=TickyTask.app/Contents/Resources/en.lproj
    export LOCALIZED_STRING_CODE_COMMENTS\=NO
    export LOCALIZED_STRING_MACRO_NAMES\=NSLocalizedString\ CFCopyLocalizedString
    export LOCALIZED_STRING_SWIFTUI_SUPPORT\=YES
    export LOCAL_ADMIN_APPS_DIR\=/Applications/Utilities
    export LOCAL_APPS_DIR\=/Applications
    export LOCAL_DEVELOPER_DIR\=/Library/Developer
    export LOCAL_LIBRARY_DIR\=/Library
    export LOCROOT\=/Users/nikhil.komakula/Databricks/Workspace/personal-projects/ticky-task
    export LOCSYMROOT\=/Users/nikhil.komakula/Databricks/Workspace/personal-projects/ticky-task
    export MACH_O_TYPE\=mh_execute
    export MACOSX_DEPLOYMENT_TARGET\=15.0
    export MAC_OS_X_PRODUCT_BUILD_VERSION\=25F84
    export MAC_OS_X_VERSION_ACTUAL\=260502
    export MAC_OS_X_VERSION_MAJOR\=260000
    export MAC_OS_X_VERSION_MINOR\=260500
    export MAKE_MERGEABLE\=NO
    export MARKETING_VERSION\=0.1.1
    export MERGEABLE_LIBRARY\=NO
    export MERGED_BINARY_TYPE\=none
    export MERGE_LINKED_LIBRARIES\=NO
    export METAL_LIBRARY_FILE_BASE\=default
    export METAL_LIBRARY_OUTPUT_DIR\=/Users/nikhil.komakula/Library/Developer/Xcode/DerivedData/TickyTask-hcqdjxkpbjabftcldmtssoeunekq/Build/Products/Debug/TickyTask.app/Contents/Resources
    export MODULES_FOLDER_PATH\=TickyTask.app/Contents/Modules
    export MODULE_CACHE_DIR\=/Users/nikhil.komakula/Library/Developer/Xcode/DerivedData/ModuleCache.noindex
    export MTL_ENABLE_DEBUG_INFO\=INCLUDE_SOURCE
    export MTL_FAST_MATH\=YES
    export NATIVE_ARCH\=arm64
    export NATIVE_ARCH_32_BIT\=arm
    export NATIVE_ARCH_64_BIT\=arm64
    export NATIVE_ARCH_ACTUAL\=arm64
    export NO_COMMON\=YES
    export OBJECT_FILE_DIR\=/Users/nikhil.komakula/Library/Developer/Xcode/DerivedData/TickyTask-hcqdjxkpbjabftcldmtssoeunekq/Build/Intermediates.noindex/TickyTask.build/Debug/TickyTask.build/Objects
    export OBJECT_FILE_DIR_normal\=/Users/nikhil.komakula/Library/Developer/Xcode/DerivedData/TickyTask-hcqdjxkpbjabftcldmtssoeunekq/Build/Intermediates.noindex/TickyTask.build/Debug/TickyTask.build/Objects-normal
    export OBJROOT\=/Users/nikhil.komakula/Library/Developer/Xcode/DerivedData/TickyTask-hcqdjxkpbjabftcldmtssoeunekq/Build/Intermediates.noindex
    export ONLY_ACTIVE_ARCH\=YES
    export OS\=MACOS
    export OSAC\=/usr/bin/osacompile
    export OTHER_CFLAGS\=-fmodule-map-file\=/Users/nikhil.komakula/Library/Developer/Xcode/DerivedData/TickyTask-hcqdjxkpbjabftcldmtssoeunekq/Build/Intermediates.noindex/GeneratedModuleMaps/KeyboardShortcuts.modulemap\ 
    export OTHER_CPLUSPLUSFLAGS\=-fmodule-map-file\=/Users/nikhil.komakula/Library/Developer/Xcode/DerivedData/TickyTask-hcqdjxkpbjabftcldmtssoeunekq/Build/Intermediates.noindex/GeneratedModuleMaps/KeyboardShortcuts.modulemap\ 
    export OTHER_LDFLAGS\=-Wl,-no_warn_duplicate_libraries\ 
    export PACKAGE_TYPE\=com.apple.package-type.wrapper.application
    export PASCAL_STRINGS\=YES
    export PATH\=/Applications/Xcode.app/Contents/SharedFrameworks/SwiftBuild.framework/Versions/A/PlugIns/SWBBuildService.bundle/Contents/PlugIns/SWBUniversalPlatformPlugin.bundle/Contents/Frameworks/SWBUniversalPlatform.framework/Resources:/Applications/Xcode.app/Contents/Developer/Toolchains/XcodeDefault.xctoolchain/usr/bin:/Applications/Xcode.app/Contents/Developer/Toolchains/XcodeDefault.xctoolchain/usr/local/bin:/Applications/Xcode.app/Contents/Developer/Toolchains/XcodeDefault.xctoolchain/usr/libexec:/Applications/Xcode.app/Contents/Developer/Platforms/MacOSX.platform/usr/bin:/Applications/Xcode.app/Contents/Developer/Platforms/MacOSX.platform/usr/local/bin:/Applications/Xcode.app/Contents/Developer/Platforms/MacOSX.platform/Developer/usr/bin:/Applications/Xcode.app/Contents/Developer/Platforms/MacOSX.platform/Developer/usr/local/bin:/Applications/Xcode.app/Contents/Developer/usr/bin:/Applications/Xcode.app/Contents/Developer/usr/local/bin:/opt/homebrew/share/google-cloud-sdk/bin:/Users/nikhil.komakula/.local/bin:/Users/nikhil.komakula/.pyenv/shims:/opt/homebrew/bin:/opt/homebrew/sbin:/usr/local/bin:/System/Cryptexes/App/usr/bin:/usr/bin:/bin:/usr/sbin:/sbin:/var/run/com.apple.security.cryptexd/codex.system/bootstrap/usr/local/bin:/var/run/com.apple.security.cryptexd/codex.system/bootstrap/usr/bin:/var/run/com.apple.security.cryptexd/codex.system/bootstrap/usr/appleinternal/bin:/pkg/env/global/bin:/Library/Apple/usr/bin:/Users/nikhil.komakula/.lmstudio/bin:/Users/nikhil.komakula/.claude/plugins/cache/code-review-graph/code-review-graph/1.8.3/bin:/Users/nikhil.komakula/.claude/plugins/cache/openai-codex/codex/1.0.3/bin:/Users/nikhil.komakula/.claude/plugins/marketplaces/plugin-marketplace/experimental/general/databricks-html-slides/bin:/Users/nikhil.komakula/.claude/plugins/cache/claude-plugins-official/playground/unknown/bin:/Users/nikhil.komakula/.claude/plugins/cache/understand-anything/understand-anything/003339ec8827/bin:/Users/nikhil.komakula/.vibe/marketplace/plugins/fe-databricks-tools/bin:/Users/nikhil.komakula/.vibe/marketplace/plugins/fe-salesforce-tools/bin:/Users/nikhil.komakula/.vibe/marketplace/plugins/fe-google-tools/bin:/Users/nikhil.komakula/.vibe/marketplace/plugins/fe-specialized-agents/bin:/Users/nikhil.komakula/.vibe/marketplace/plugins/fe-internal-tools/bin:/Users/nikhil.komakula/.vibe/marketplace/plugins/fe-vibe-setup/bin:/Users/nikhil.komakula/.vibe/marketplace/plugins/fe-mcp-servers/bin:/Users/nikhil.komakula/.vibe/marketplace/plugins/fe-jira-tools/bin:/Users/nikhil.komakula/.vibe/marketplace/plugins/fe-file-expenses/bin:/Users/nikhil.komakula/.vibe/marketplace/plugins/fe-workflows/bin:/Users/nikhil.komakula/.vibe/marketplace/plugins/fe-ai-tools/bin:/Users/nikhil.komakula/.vibe/marketplace/plugins/gtm-asq/bin
    export PATH_PREFIXES_EXCLUDED_FROM_HEADER_DEPENDENCIES\=/usr/include\ /usr/local/include\ /System/Library/Frameworks\ /System/Library/PrivateFrameworks\ /Applications/Xcode.app/Contents/Developer/Headers\ /Applications/Xcode.app/Contents/Developer/SDKs\ /Applications/Xcode.app/Contents/Developer/Platforms
    export PBDEVELOPMENTPLIST_PATH\=TickyTask.app/Contents/pbdevelopment.plist
    export PER_ARCH_MODULE_FILE_DIR\=/Users/nikhil.komakula/Library/Developer/Xcode/DerivedData/TickyTask-hcqdjxkpbjabftcldmtssoeunekq/Build/Intermediates.noindex/TickyTask.build/Debug/TickyTask.build/Objects-normal/undefined_arch
    export PER_ARCH_OBJECT_FILE_DIR\=/Users/nikhil.komakula/Library/Developer/Xcode/DerivedData/TickyTask-hcqdjxkpbjabftcldmtssoeunekq/Build/Intermediates.noindex/TickyTask.build/Debug/TickyTask.build/Objects-normal/undefined_arch
    export PER_VARIANT_OBJECT_FILE_DIR\=/Users/nikhil.komakula/Library/Developer/Xcode/DerivedData/TickyTask-hcqdjxkpbjabftcldmtssoeunekq/Build/Intermediates.noindex/TickyTask.build/Debug/TickyTask.build/Objects-normal
    export PKGINFO_FILE_PATH\=/Users/nikhil.komakula/Library/Developer/Xcode/DerivedData/TickyTask-hcqdjxkpbjabftcldmtssoeunekq/Build/Intermediates.noindex/TickyTask.build/Debug/TickyTask.build/PkgInfo
    export PKGINFO_PATH\=TickyTask.app/Contents/PkgInfo
    export PLATFORM_DEVELOPER_APPLICATIONS_DIR\=/Applications/Xcode.app/Contents/Developer/Applications
    export PLATFORM_DEVELOPER_BIN_DIR\=/Applications/Xcode.app/Contents/Developer/usr/bin
    export PLATFORM_DEVELOPER_LIBRARY_DIR\=/Applications/Xcode.app/Contents/Developer/Library
    export PLATFORM_DEVELOPER_SDK_DIR\=/Applications/Xcode.app/Contents/Developer/Platforms/MacOSX.platform/Developer/SDKs
    export PLATFORM_DEVELOPER_TOOLS_DIR\=/Applications/Xcode.app/Contents/Developer/Tools
    export PLATFORM_DEVELOPER_USR_DIR\=/Applications/Xcode.app/Contents/Developer/usr
    export PLATFORM_DIR\=/Applications/Xcode.app/Contents/Developer/Platforms/MacOSX.platform
    export PLATFORM_DISPLAY_NAME\=macOS
    export PLATFORM_FAMILY_NAME\=macOS
    export PLATFORM_NAME\=macosx
    export PLATFORM_PREFERRED_ARCH\=x86_64
    export PLATFORM_PRODUCT_BUILD_VERSION\=25F70
    export PLATFORM_REQUIRES_SWIFT_AUTOLINK_EXTRACT\=NO
    export PLATFORM_REQUIRES_SWIFT_MODULEWRAP\=NO
    export PLATFORM_USES_DSYMS\=YES
    export PLIST_FILE_OUTPUT_FORMAT\=same-as-input
    export PLUGINS_FOLDER_PATH\=TickyTask.app/Contents/PlugIns
    export PRECOMPS_INCLUDE_HEADERS_FROM_BUILT_PRODUCTS_DIR\=YES
    export PRECOMP_DESTINATION_DIR\=/Users/nikhil.komakula/Library/Developer/Xcode/DerivedData/TickyTask-hcqdjxkpbjabftcldmtssoeunekq/Build/Intermediates.noindex/TickyTask.build/Debug/TickyTask.build/PrefixHeaders
    export PRIVATE_HEADERS_FOLDER_PATH\=TickyTask.app/Contents/PrivateHeaders
    export PROCESSED_INFOPLIST_PATH\=/Users/nikhil.komakula/Library/Developer/Xcode/DerivedData/TickyTask-hcqdjxkpbjabftcldmtssoeunekq/Build/Intermediates.noindex/TickyTask.build/Debug/TickyTask.build/Objects-normal/undefined_arch/Processed-Info.plist
    export PRODUCT_BUNDLE_IDENTIFIER\=com.tickytask.mac
    export PRODUCT_BUNDLE_PACKAGE_TYPE\=APPL
    export PRODUCT_MODULE_NAME\=TickyTask
    export PRODUCT_NAME\=TickyTask
    export PRODUCT_SETTINGS_PATH\=/Users/nikhil.komakula/Databricks/Workspace/personal-projects/ticky-task/Sources/TickyTask/Support/Info.plist
    export PRODUCT_TYPE\=com.apple.product-type.application
    export PROFILING_CODE\=NO
    export PROJECT\=TickyTask
    export PROJECT_DERIVED_FILE_DIR\=/Users/nikhil.komakula/Library/Developer/Xcode/DerivedData/TickyTask-hcqdjxkpbjabftcldmtssoeunekq/Build/Intermediates.noindex/TickyTask.build/DerivedSources
    export PROJECT_DIR\=/Users/nikhil.komakula/Databricks/Workspace/personal-projects/ticky-task
    export PROJECT_FILE_PATH\=/Users/nikhil.komakula/Databricks/Workspace/personal-projects/ticky-task/TickyTask.xcodeproj
    export PROJECT_GUID\=28eb011e953ce4ace8892eb80fe653de
    export PROJECT_NAME\=TickyTask
    export PROJECT_TEMP_DIR\=/Users/nikhil.komakula/Library/Developer/Xcode/DerivedData/TickyTask-hcqdjxkpbjabftcldmtssoeunekq/Build/Intermediates.noindex/TickyTask.build
    export PROJECT_TEMP_ROOT\=/Users/nikhil.komakula/Library/Developer/Xcode/DerivedData/TickyTask-hcqdjxkpbjabftcldmtssoeunekq/Build/Intermediates.noindex
    export PROVISIONING_PROFILE_REQUIRED\=NO
    export PROVISIONING_PROFILE_REQUIRED_YES_YES\=YES
    export PROVISIONING_PROFILE_SUPPORTED\=YES
    export PUBLIC_HEADERS_FOLDER_PATH\=TickyTask.app/Contents/Headers
    export RECOMMENDED_MACOSX_DEPLOYMENT_TARGET\=11.0
    export RECURSIVE_SEARCH_PATHS_FOLLOW_SYMLINKS\=YES
    export REMOVE_CVS_FROM_RESOURCES\=YES
    export REMOVE_GIT_FROM_RESOURCES\=YES
    export REMOVE_HEADERS_FROM_EMBEDDED_BUNDLES\=YES
    export REMOVE_HG_FROM_RESOURCES\=YES
    export REMOVE_STATIC_EXECUTABLES_FROM_EMBEDDED_BUNDLES\=YES
    export REMOVE_SVN_FROM_RESOURCES\=YES
    export RESCHEDULE_INDEPENDENT_HEADERS_PHASES\=YES
    export REZ_COLLECTOR_DIR\=/Users/nikhil.komakula/Library/Developer/Xcode/DerivedData/TickyTask-hcqdjxkpbjabftcldmtssoeunekq/Build/Intermediates.noindex/TickyTask.build/Debug/TickyTask.build/ResourceManagerResources
    export REZ_OBJECTS_DIR\=/Users/nikhil.komakula/Library/Developer/Xcode/DerivedData/TickyTask-hcqdjxkpbjabftcldmtssoeunekq/Build/Intermediates.noindex/TickyTask.build/Debug/TickyTask.build/ResourceManagerResources/Objects
    export REZ_SEARCH_PATHS\=/Users/nikhil.komakula/Library/Developer/Xcode/DerivedData/TickyTask-hcqdjxkpbjabftcldmtssoeunekq/Build/Products/Debug\ 
    export RPATH_ORIGIN\=@loader_path
    export RUNTIME_EXCEPTION_ALLOW_DYLD_ENVIRONMENT_VARIABLES\=NO
    export RUNTIME_EXCEPTION_ALLOW_JIT\=NO
    export RUNTIME_EXCEPTION_ALLOW_UNSIGNED_EXECUTABLE_MEMORY\=NO
    export RUNTIME_EXCEPTION_DEBUGGING_TOOL\=NO
    export RUNTIME_EXCEPTION_DISABLE_EXECUTABLE_PAGE_PROTECTION\=NO
    export RUNTIME_EXCEPTION_DISABLE_LIBRARY_VALIDATION\=NO
    export SCANNING_PCM_KEEP_CACHE_DIRECTORY\=YES
    export SCAN_ALL_SOURCE_FILES_FOR_INCLUDES\=NO
    export SCRIPTS_FOLDER_PATH\=TickyTask.app/Contents/Resources/Scripts
    export SCRIPT_INPUT_FILE_COUNT\=0
    export SCRIPT_INPUT_FILE_LIST_COUNT\=0
    export SCRIPT_OUTPUT_FILE_COUNT\=0
    export SCRIPT_OUTPUT_FILE_LIST_COUNT\=0
    export SDKROOT\=/Applications/Xcode.app/Contents/Developer/Platforms/MacOSX.platform/Developer/SDKs/MacOSX26.5.sdk
    export SDK_DIR\=/Applications/Xcode.app/Contents/Developer/Platforms/MacOSX.platform/Developer/SDKs/MacOSX26.5.sdk
    export SDK_DIR_macosx\=/Applications/Xcode.app/Contents/Developer/Platforms/MacOSX.platform/Developer/SDKs/MacOSX26.5.sdk
    export SDK_DIR_macosx26_5\=/Applications/Xcode.app/Contents/Developer/Platforms/MacOSX.platform/Developer/SDKs/MacOSX26.5.sdk
    export SDK_NAME\=macosx26.5
    export SDK_NAMES\=macosx26.5
    export SDK_PRODUCT_BUILD_VERSION\=25F70
    export SDK_STAT_CACHE_DIR\=/Users/nikhil.komakula/Library/Developer/Xcode/DerivedData
    export SDK_STAT_CACHE_ENABLE\=YES
    export SDK_STAT_CACHE_PATH\=/Users/nikhil.komakula/Library/Developer/Xcode/DerivedData/SDKStatCaches.noindex/macosx26.5-25F70-e082c4a02f00227109f4ed75e425c832.sdkstatcache
    export SDK_VERSION\=26.5
    export SDK_VERSION_ACTUAL\=260500
    export SDK_VERSION_MAJOR\=260000
    export SDK_VERSION_MINOR\=260500
    export SED\=/usr/bin/sed
    export SEPARATE_STRIP\=NO
    export SEPARATE_SYMBOL_EDIT\=NO
    export SET_DIR_MODE_OWNER_GROUP\=YES
    export SET_FILE_MODE_OWNER_GROUP\=NO
    export SHALLOW_BUNDLE\=NO
    export SHALLOW_BUNDLE_PLATFORM\=NO
    export SHALLOW_BUNDLE_TRIPLE\=macos
    export SHALLOW_BUNDLE_ios_macabi\=NO
    export SHALLOW_BUNDLE_macos\=NO
    export SHARED_DERIVED_FILE_DIR\=/Users/nikhil.komakula/Library/Developer/Xcode/DerivedData/TickyTask-hcqdjxkpbjabftcldmtssoeunekq/Build/Products/Debug/DerivedSources
    export SHARED_FRAMEWORKS_FOLDER_PATH\=TickyTask.app/Contents/SharedFrameworks
    export SHARED_PRECOMPS_DIR\=/Users/nikhil.komakula/Library/Developer/Xcode/DerivedData/TickyTask-hcqdjxkpbjabftcldmtssoeunekq/Build/Intermediates.noindex/PrecompiledHeaders
    export SHARED_SUPPORT_FOLDER_PATH\=TickyTask.app/Contents/SharedSupport
    export SKIP_INSTALL\=NO
    export SKIP_MERGEABLE_LIBRARY_BUNDLE_HOOK\=NO
    export SOURCE_ROOT\=/Users/nikhil.komakula/Databricks/Workspace/personal-projects/ticky-task
    export SRCROOT\=/Users/nikhil.komakula/Databricks/Workspace/personal-projects/ticky-task
    export STRINGSDATA_DIR\=/Users/nikhil.komakula/Library/Developer/Xcode/DerivedData/TickyTask-hcqdjxkpbjabftcldmtssoeunekq/Build/Intermediates.noindex/TickyTask.build/Debug/TickyTask.build/Objects-normal/undefined_arch
    export STRINGSDATA_ROOT\=/Users/nikhil.komakula/Library/Developer/Xcode/DerivedData/TickyTask-hcqdjxkpbjabftcldmtssoeunekq/Build/Intermediates.noindex/TickyTask.build/Debug/TickyTask.build
    export STRINGS_FILE_INFOPLIST_RENAME\=YES
    export STRINGS_FILE_OUTPUT_ENCODING\=UTF-16
    export STRING_CATALOG_GENERATE_SYMBOLS\=NO
    export STRIP_BITCODE_FROM_COPIED_FILES\=NO
    export STRIP_INSTALLED_PRODUCT\=NO
    export STRIP_PNG_TEXT\=NO
    export STRIP_STYLE\=all
    export STRIP_SWIFT_SYMBOLS\=YES
    export SUPPORTED_PLATFORMS\=macosx
    export SUPPORTS_MACCATALYST\=NO
    export SUPPORTS_ON_DEMAND_RESOURCES\=NO
    export SUPPORTS_TEXT_BASED_API\=NO
    export SUPPRESS_WARNINGS\=NO
    export SWIFT_ACTIVE_COMPILATION_CONDITIONS\=DEBUG
    export SWIFT_EMIT_CONST_VALUE_PROTOCOLS\=AnyResolverProviding\ AppEntity\ AppEnum\ AppExtension\ AppIntent\ AppIntentsPackage\ AppShortcutProviding\ AppShortcutsProvider\ AppUnionValue\ AppUnionValueCasesProviding\ DynamicOptionsProvider\ EntityQuery\ ExtensionPointDefining\ IntentValueQuery\ Resolver\ TransientEntity\ _AssistantIntentsProvider\ _GenerativeFunctionExtractable\ _IntentValueRepresentable
    export SWIFT_EMIT_LOC_STRINGS\=NO
    export SWIFT_ENABLE_EXPLICIT_MODULES\=YES
    export SWIFT_OPTIMIZATION_LEVEL\=-Onone
    export SWIFT_PLATFORM_TARGET_PREFIX\=macos
    export SWIFT_RESPONSE_FILE_PATH_normal_arm64\=/Users/nikhil.komakula/Library/Developer/Xcode/DerivedData/TickyTask-hcqdjxkpbjabftcldmtssoeunekq/Build/Intermediates.noindex/TickyTask.build/Debug/TickyTask.build/Objects-normal/arm64/TickyTask.SwiftFileList
    export SWIFT_STRICT_CONCURRENCY\=targeted
    export SWIFT_VERSION\=5.0
    export SYMROOT\=/Users/nikhil.komakula/Library/Developer/Xcode/DerivedData/TickyTask-hcqdjxkpbjabftcldmtssoeunekq/Build/Products
    export SYSTEM_ADMIN_APPS_DIR\=/Applications/Utilities
    export SYSTEM_APPS_DIR\=/Applications
    export SYSTEM_CORE_SERVICES_DIR\=/System/Library/CoreServices
    export SYSTEM_DEMOS_DIR\=/Applications/Extras
    export SYSTEM_DEVELOPER_APPS_DIR\=/Applications/Xcode.app/Contents/Developer/Applications
    export SYSTEM_DEVELOPER_BIN_DIR\=/Applications/Xcode.app/Contents/Developer/usr/bin
    export SYSTEM_DEVELOPER_DEMOS_DIR\=/Applications/Xcode.app/Contents/Developer/Applications/Utilities/Built\ Examples
    export SYSTEM_DEVELOPER_DIR\=/Applications/Xcode.app/Contents/Developer
    export SYSTEM_DEVELOPER_DOC_DIR\=/Applications/Xcode.app/Contents/Developer/ADC\ Reference\ Library
    export SYSTEM_DEVELOPER_GRAPHICS_TOOLS_DIR\=/Applications/Xcode.app/Contents/Developer/Applications/Graphics\ Tools
    export SYSTEM_DEVELOPER_JAVA_TOOLS_DIR\=/Applications/Xcode.app/Contents/Developer/Applications/Java\ Tools
    export SYSTEM_DEVELOPER_PERFORMANCE_TOOLS_DIR\=/Applications/Xcode.app/Contents/Developer/Applications/Performance\ Tools
    export SYSTEM_DEVELOPER_RELEASENOTES_DIR\=/Applications/Xcode.app/Contents/Developer/ADC\ Reference\ Library/releasenotes
    export SYSTEM_DEVELOPER_TOOLS\=/Applications/Xcode.app/Contents/Developer/Tools
    export SYSTEM_DEVELOPER_TOOLS_DOC_DIR\=/Applications/Xcode.app/Contents/Developer/ADC\ Reference\ Library/documentation/DeveloperTools
    export SYSTEM_DEVELOPER_TOOLS_RELEASENOTES_DIR\=/Applications/Xcode.app/Contents/Developer/ADC\ Reference\ Library/releasenotes/DeveloperTools
    export SYSTEM_DEVELOPER_USR_DIR\=/Applications/Xcode.app/Contents/Developer/usr
    export SYSTEM_DEVELOPER_UTILITIES_DIR\=/Applications/Xcode.app/Contents/Developer/Applications/Utilities
    export SYSTEM_DEXT_INSTALL_PATH\=/System/Library/DriverExtensions
    export SYSTEM_DOCUMENTATION_DIR\=/Library/Documentation
    export SYSTEM_EXTENSIONS_FOLDER_PATH\=TickyTask.app/Contents/Library/SystemExtensions
    export SYSTEM_EXTENSIONS_FOLDER_PATH_SHALLOW_BUNDLE_NO\=TickyTask.app/Contents/Library/SystemExtensions
    export SYSTEM_EXTENSIONS_FOLDER_PATH_SHALLOW_BUNDLE_YES\=TickyTask.app/Contents/SystemExtensions
    export SYSTEM_KEXT_INSTALL_PATH\=/System/Library/Extensions
    export SYSTEM_LIBRARY_DIR\=/System/Library
    export TAPI_DEMANGLE\=YES
    export TAPI_ENABLE_PROJECT_HEADERS\=NO
    export TAPI_LANGUAGE\=objective-c
    export TAPI_LANGUAGE_STANDARD\=compiler-default
    export TAPI_USE_SRCROOT\=YES
    export TAPI_VERIFY_MODE\=Pedantic
    export TARGETNAME\=TickyTask
    export TARGET_BUILD_DIR\=/Users/nikhil.komakula/Library/Developer/Xcode/DerivedData/TickyTask-hcqdjxkpbjabftcldmtssoeunekq/Build/Products/Debug
    export TARGET_NAME\=TickyTask
    export TARGET_TEMP_DIR\=/Users/nikhil.komakula/Library/Developer/Xcode/DerivedData/TickyTask-hcqdjxkpbjabftcldmtssoeunekq/Build/Intermediates.noindex/TickyTask.build/Debug/TickyTask.build
    export TEMP_DIR\=/Users/nikhil.komakula/Library/Developer/Xcode/DerivedData/TickyTask-hcqdjxkpbjabftcldmtssoeunekq/Build/Intermediates.noindex/TickyTask.build/Debug/TickyTask.build
    export TEMP_FILES_DIR\=/Users/nikhil.komakula/Library/Developer/Xcode/DerivedData/TickyTask-hcqdjxkpbjabftcldmtssoeunekq/Build/Intermediates.noindex/TickyTask.build/Debug/TickyTask.build
    export TEMP_FILE_DIR\=/Users/nikhil.komakula/Library/Developer/Xcode/DerivedData/TickyTask-hcqdjxkpbjabftcldmtssoeunekq/Build/Intermediates.noindex/TickyTask.build/Debug/TickyTask.build
    export TEMP_ROOT\=/Users/nikhil.komakula/Library/Developer/Xcode/DerivedData/TickyTask-hcqdjxkpbjabftcldmtssoeunekq/Build/Intermediates.noindex
    export TEMP_SANDBOX_DIR\=/Users/nikhil.komakula/Library/Developer/Xcode/DerivedData/TickyTask-hcqdjxkpbjabftcldmtssoeunekq/Build/Intermediates.noindex/TemporaryTaskSandboxes
    export TEST_FRAMEWORK_SEARCH_PATHS\=\ /Applications/Xcode.app/Contents/Developer/Platforms/MacOSX.platform/Developer/Library/Frameworks
    export TEST_LIBRARY_SEARCH_PATHS\=\ /Applications/Xcode.app/Contents/Developer/Platforms/MacOSX.platform/Developer/usr/lib
    export TOOLCHAINS\=com.apple.dt.toolchain.XcodeDefault
    export TOOLCHAIN_DIR\=/Applications/Xcode.app/Contents/Developer/Toolchains/XcodeDefault.xctoolchain
    export TREAT_MISSING_BASELINES_AS_TEST_FAILURES\=NO
    export TREAT_MISSING_SCRIPT_PHASE_OUTPUTS_AS_ERRORS\=NO
    export UID\=502
    export UNINSTALLED_PRODUCTS_DIR\=/Users/nikhil.komakula/Library/Developer/Xcode/DerivedData/TickyTask-hcqdjxkpbjabftcldmtssoeunekq/Build/Intermediates.noindex/UninstalledProducts
    export UNLOCALIZED_RESOURCES_FOLDER_PATH\=TickyTask.app/Contents/Resources
    export UNLOCALIZED_RESOURCES_FOLDER_PATH_SHALLOW_BUNDLE_NO\=TickyTask.app/Contents/Resources
    export UNLOCALIZED_RESOURCES_FOLDER_PATH_SHALLOW_BUNDLE_YES\=TickyTask.app/Contents
    export UNSTRIPPED_PRODUCT\=NO
    export USER\=nikhil.komakula
    export USER_APPS_DIR\=/Users/nikhil.komakula/Applications
    export USER_LIBRARY_DIR\=/Users/nikhil.komakula/Library
    export USE_DYNAMIC_NO_PIC\=YES
    export USE_HEADERMAP\=YES
    export USE_HEADER_SYMLINKS\=NO
    export VALIDATE_DEVELOPMENT_ASSET_PATHS\=YES_ERROR
    export VALIDATE_PRODUCT\=NO
    export VALID_ARCHS\=arm64\ arm64e\ i386\ x86_64
    export VERBOSE_PBXCP\=NO
    export VERSIONPLIST_PATH\=TickyTask.app/Contents/version.plist
    export VERSION_INFO_BUILDER\=nikhil.komakula
    export VERSION_INFO_FILE\=TickyTask_vers.c
    export VERSION_INFO_STRING\=\"@\(\#\)PROGRAM:TickyTask\ \ PROJECT:TickyTask-1\"
    export WORKSPACE_DIR\=/Users/nikhil.komakula/Databricks/Workspace/personal-projects/ticky-task/TickyTask.xcodeproj
    export WRAPPER_EXTENSION\=app
    export WRAPPER_NAME\=TickyTask.app
    export WRAPPER_SUFFIX\=.app
    export WRAP_ASSET_PACKS_IN_SEPARATE_DIRECTORIES\=NO
    export XCODE_APP_SUPPORT_DIR\=/Applications/Xcode.app/Contents/Developer/Library/Xcode
    export XCODE_PRODUCT_BUILD_VERSION\=17F113
    export XCODE_VERSION_ACTUAL\=2660
    export XCODE_VERSION_MAJOR\=2600
    export XCODE_VERSION_MINOR\=2660
    export XPCSERVICES_FOLDER_PATH\=TickyTask.app/Contents/XPCServices
    export YACC\=yacc
    export _BOOL_\=NO
    export _BOOL_NO\=NO
    export _BOOL_YES\=YES
    export _DEVELOPMENT_TEAM_IS_EMPTY\=YES
    export _DISCOVER_COMMAND_LINE_LINKER_INPUTS\=YES
    export _DISCOVER_COMMAND_LINE_LINKER_INPUTS_INCLUDE_WL\=YES
    export _IS_EMPTY_\=YES
    export _LD_MULTIARCH\=YES
    export _MACOSX_DEPLOYMENT_TARGET_IS_EMPTY\=NO
    export _WRAPPER_CONTENTS_DIR\=/Contents
    export _WRAPPER_CONTENTS_DIR_SHALLOW_BUNDLE_NO\=/Contents
    export _WRAPPER_PARENT_PATH\=/..
    export _WRAPPER_PARENT_PATH_SHALLOW_BUNDLE_NO\=/..
    export _WRAPPER_RESOURCES_DIR\=/Resources
    export _WRAPPER_RESOURCES_DIR_SHALLOW_BUNDLE_NO\=/Resources
    export __DIAGNOSE_DEPRECATED_ARCHS\=YES
    export __IS_NOT_MACOS\=NO
    export __IS_NOT_MACOS_macosx\=NO
    export __IS_NOT_SIMULATOR\=YES
    export __IS_NOT_SIMULATOR_simulator\=NO
    export __ORIGINAL_SDK_DEFINED_LLVM_TARGET_TRIPLE_SYS\=macos
    export arch\=undefined_arch
    export variant\=normal
    /bin/sh -c /Users/nikhil.komakula/Library/Developer/Xcode/DerivedData/TickyTask-hcqdjxkpbjabftcldmtssoeunekq/Build/Intermediates.noindex/TickyTask.build/Debug/TickyTask.build/Script-2DC81EACA7D179DBB9537E36.sh

ProcessInfoPlistFile /Users/nikhil.komakula/Library/Developer/Xcode/DerivedData/TickyTask-hcqdjxkpbjabftcldmtssoeunekq/Build/Products/Debug/TickyTask.app/Contents/Info.plist /Users/nikhil.komakula/Databricks/Workspace/personal-projects/ticky-task/Sources/TickyTask/Support/Info.plist (in target 'TickyTask' from project 'TickyTask')
    cd /Users/nikhil.komakula/Databricks/Workspace/personal-projects/ticky-task
    builtin-infoPlistUtility /Users/nikhil.komakula/Databricks/Workspace/personal-projects/ticky-task/Sources/TickyTask/Support/Info.plist -producttype com.apple.product-type.application -genpkginfo /Users/nikhil.komakula/Library/Developer/Xcode/DerivedData/TickyTask-hcqdjxkpbjabftcldmtssoeunekq/Build/Products/Debug/TickyTask.app/Contents/PkgInfo -expandbuildsettings -platform macosx -additionalcontentfile /Users/nikhil.komakula/Library/Developer/Xcode/DerivedData/TickyTask-hcqdjxkpbjabftcldmtssoeunekq/Build/Intermediates.noindex/TickyTask.build/Debug/TickyTask.build/assetcatalog_generated_info.plist -scanforprivacyfile /Users/nikhil.komakula/Library/Developer/Xcode/DerivedData/TickyTask-hcqdjxkpbjabftcldmtssoeunekq/Build/Products/Debug/TickyTask.app/Contents/Resources/KeyboardShortcuts_KeyboardShortcuts.bundle -o /Users/nikhil.komakula/Library/Developer/Xcode/DerivedData/TickyTask-hcqdjxkpbjabftcldmtssoeunekq/Build/Products/Debug/TickyTask.app/Contents/Info.plist

CopySwiftLibs /Users/nikhil.komakula/Library/Developer/Xcode/DerivedData/TickyTask-hcqdjxkpbjabftcldmtssoeunekq/Build/Products/Debug/TickyTask.app (in target 'TickyTask' from project 'TickyTask')
    cd /Users/nikhil.komakula/Databricks/Workspace/personal-projects/ticky-task
    builtin-swiftStdLibTool --copy --verbose --scan-executable /Users/nikhil.komakula/Library/Developer/Xcode/DerivedData/TickyTask-hcqdjxkpbjabftcldmtssoeunekq/Build/Products/Debug/TickyTask.app/Contents/MacOS/TickyTask.debug.dylib --scan-folder /Users/nikhil.komakula/Library/Developer/Xcode/DerivedData/TickyTask-hcqdjxkpbjabftcldmtssoeunekq/Build/Products/Debug/TickyTask.app/Contents/Frameworks --scan-folder /Users/nikhil.komakula/Library/Developer/Xcode/DerivedData/TickyTask-hcqdjxkpbjabftcldmtssoeunekq/Build/Products/Debug/TickyTask.app/Contents/PlugIns --scan-folder /Users/nikhil.komakula/Library/Developer/Xcode/DerivedData/TickyTask-hcqdjxkpbjabftcldmtssoeunekq/Build/Products/Debug/TickyTask.app/Contents/Library/SystemExtensions --scan-folder /Users/nikhil.komakula/Library/Developer/Xcode/DerivedData/TickyTask-hcqdjxkpbjabftcldmtssoeunekq/Build/Products/Debug/TickyTask.app/Contents/Extensions --platform macosx --toolchain /Applications/Xcode.app/Contents/Developer/Toolchains/XcodeDefault.xctoolchain --destination /Users/nikhil.komakula/Library/Developer/Xcode/DerivedData/TickyTask-hcqdjxkpbjabftcldmtssoeunekq/Build/Products/Debug/TickyTask.app/Contents/Frameworks --strip-bitcode --strip-bitcode-tool /Applications/Xcode.app/Contents/Developer/Toolchains/XcodeDefault.xctoolchain/usr/bin/bitcode_strip --emit-dependency-info /Users/nikhil.komakula/Library/Developer/Xcode/DerivedData/TickyTask-hcqdjxkpbjabftcldmtssoeunekq/Build/Intermediates.noindex/TickyTask.build/Debug/TickyTask.build/SwiftStdLibToolInputDependencies.dep --filter-for-swift-os --back-deploy-swift-span
Ignoring --strip-bitcode because --sign was not passed

CopySwiftLibs /Users/nikhil.komakula/Library/Developer/Xcode/DerivedData/TickyTask-hcqdjxkpbjabftcldmtssoeunekq/Build/Products/Debug/TickyTask.app/Contents/PlugIns/TickyTaskTests.xctest (in target 'TickyTaskTests' from project 'TickyTask')
    cd /Users/nikhil.komakula/Databricks/Workspace/personal-projects/ticky-task
    builtin-swiftStdLibTool --copy --verbose --scan-executable /Users/nikhil.komakula/Library/Developer/Xcode/DerivedData/TickyTask-hcqdjxkpbjabftcldmtssoeunekq/Build/Products/Debug/TickyTask.app/Contents/PlugIns/TickyTaskTests.xctest/Contents/MacOS/TickyTaskTests --scan-folder /Users/nikhil.komakula/Library/Developer/Xcode/DerivedData/TickyTask-hcqdjxkpbjabftcldmtssoeunekq/Build/Products/Debug/TickyTask.app/Contents/PlugIns/TickyTaskTests.xctest/Contents/Frameworks --scan-folder /Users/nikhil.komakula/Library/Developer/Xcode/DerivedData/TickyTask-hcqdjxkpbjabftcldmtssoeunekq/Build/Products/Debug/TickyTask.app/Contents/PlugIns/TickyTaskTests.xctest/Contents/PlugIns --scan-folder /Users/nikhil.komakula/Library/Developer/Xcode/DerivedData/TickyTask-hcqdjxkpbjabftcldmtssoeunekq/Build/Products/Debug/TickyTask.app/Contents/PlugIns/TickyTaskTests.xctest/Contents/Library/SystemExtensions --scan-folder /Users/nikhil.komakula/Library/Developer/Xcode/DerivedData/TickyTask-hcqdjxkpbjabftcldmtssoeunekq/Build/Products/Debug/TickyTask.app/Contents/PlugIns/TickyTaskTests.xctest/Contents/Extensions --platform macosx --toolchain /Applications/Xcode.app/Contents/Developer/Toolchains/XcodeDefault.xctoolchain --destination /Users/nikhil.komakula/Library/Developer/Xcode/DerivedData/TickyTask-hcqdjxkpbjabftcldmtssoeunekq/Build/Products/Debug/TickyTask.app/Contents/PlugIns/TickyTaskTests.xctest/Contents/Frameworks --strip-bitcode --scan-executable /Applications/Xcode.app/Contents/Developer/Platforms/MacOSX.platform/Developer/usr/lib/libXCTestSwiftSupport.dylib --strip-bitcode-tool /Applications/Xcode.app/Contents/Developer/Toolchains/XcodeDefault.xctoolchain/usr/bin/bitcode_strip --emit-dependency-info /Users/nikhil.komakula/Library/Developer/Xcode/DerivedData/TickyTask-hcqdjxkpbjabftcldmtssoeunekq/Build/Intermediates.noindex/TickyTask.build/Debug/TickyTaskTests.build/SwiftStdLibToolInputDependencies.dep --filter-for-swift-os --back-deploy-swift-span
Ignoring --strip-bitcode because --sign was not passed

Validate /Users/nikhil.komakula/Library/Developer/Xcode/DerivedData/TickyTask-hcqdjxkpbjabftcldmtssoeunekq/Build/Products/Debug/TickyTask.app (in target 'TickyTask' from project 'TickyTask')
    cd /Users/nikhil.komakula/Databricks/Workspace/personal-projects/ticky-task
    builtin-validationUtility /Users/nikhil.komakula/Library/Developer/Xcode/DerivedData/TickyTask-hcqdjxkpbjabftcldmtssoeunekq/Build/Products/Debug/TickyTask.app -no-validate-extension -infoplist-subpath Contents/Info.plist

RegisterWithLaunchServices /Users/nikhil.komakula/Library/Developer/Xcode/DerivedData/TickyTask-hcqdjxkpbjabftcldmtssoeunekq/Build/Products/Debug/TickyTask.app (in target 'TickyTask' from project 'TickyTask')
    cd /Users/nikhil.komakula/Databricks/Workspace/personal-projects/ticky-task
    /System/Library/Frameworks/CoreServices.framework/Versions/Current/Frameworks/LaunchServices.framework/Versions/Current/Support/lsregister -f -R -trusted /Users/nikhil.komakula/Library/Developer/Xcode/DerivedData/TickyTask-hcqdjxkpbjabftcldmtssoeunekq/Build/Products/Debug/TickyTask.app

2026-08-14 22:42:29.104093+0530 TickyTask[5117:6550418] [Connection] Unable to get synchronousRemoteObjectProxy, error: Error Domain=NSCocoaErrorDomain Code=4097 "connection to service named com.apple.linkd.autoShortcut" UserInfo={NSDebugDescription=connection to service named com.apple.linkd.autoShortcut}
2026-08-14 22:42:29.104141+0530 TickyTask[5117:6550418] [Application] Error registering app with intents framework: Error Domain=NSCocoaErrorDomain Code=4097 "connection to service named com.apple.linkd.autoShortcut" UserInfo={NSDebugDescription=connection to service named com.apple.linkd.autoShortcut}
2026-08-14 22:42:29.104486+0530 TickyTask[5117:6550417] [Connection] Unable to get synchronousRemoteObjectProxy, error: Error Domain=NSCocoaErrorDomain Code=4097 "connection to service named com.apple.linkd.autoShortcut" UserInfo={NSDebugDescription=connection to service named com.apple.linkd.autoShortcut}
2026-08-14 22:42:29.104502+0530 TickyTask[5117:6550417] [Connection] Unable to re-register with Process Instance Registry, error: Error Domain=NSCocoaErrorDomain Code=4097 "connection to service named com.apple.linkd.autoShortcut" UserInfo={NSDebugDescription=connection to service named com.apple.linkd.autoShortcut}
2026-08-14 22:42:29.104826+0530 TickyTask[5117:6550420] [Connection] Unable to get synchronousRemoteObjectProxy, error: Error Domain=NSCocoaErrorDomain Code=4097 "connection to service named com.apple.linkd.autoShortcut" UserInfo={NSDebugDescription=connection to service named com.apple.linkd.autoShortcut}
2026-08-14 22:42:29.104842+0530 TickyTask[5117:6550420] [Connection] Unable to re-register with Process Instance Registry, error: Error Domain=NSCocoaErrorDomain Code=4097 "connection to service named com.apple.linkd.autoShortcut" UserInfo={NSDebugDescription=connection to service named com.apple.linkd.autoShortcut}
2026-08-14 22:42:29.105408+0530 TickyTask[5117:6550420] [Connection] Will NOT re-try to establish the connection
2026-08-14 22:42:29.105432+0530 TickyTask[5117:6550417] [Connection] Unable to get synchronousRemoteObjectProxy, error: Error Domain=NSCocoaErrorDomain Code=4097 "connection to service named com.apple.linkd.autoShortcut" UserInfo={NSDebugDescription=connection to service named com.apple.linkd.autoShortcut}
2026-08-14 22:42:29.105443+0530 TickyTask[5117:6550417] [Connection] Unable to re-register with Process Instance Registry, error: Error Domain=NSCocoaErrorDomain Code=4097 "connection to service named com.apple.linkd.autoShortcut" UserInfo={NSDebugDescription=connection to service named com.apple.linkd.autoShortcut}
2026-08-14 22:42:29.149421+0530 TickyTask[5117:6550400] ApplePersistenceIgnoreState: Existing state will not be touched. New state will be written to /var/folders/sy/77g6bxjd4rdd634hjpssl5z80000gp/T/com.tickytask.mac.savedState
2026-08-14 22:42:29.395150+0530 TickyTask[5117:6550428] [Common] Unable to obtain a task name port right for pid 411: (os/kern) failure (0x5)
Test Suite 'All tests' started at 2026-08-14 22:42:29.484.
Test Suite 'All tests' passed at 2026-08-14 22:42:29.484.
	 Executed 0 tests, with 0 failures (0 unexpected) in 0.000 (0.000) seconds
◇ Test run started.
↳ Testing Library Version: 1902
↳ Target Platform: arm64e-apple-macos14.0
◇ Suite "AppState navigation" started.
◇ Test "nextWeek / previousWeek shift the anchor by whole weeks" started.
✔ Test "nextWeek / previousWeek shift the anchor by whole weeks" passed after 0.011 seconds.
◇ Test "weekDays returns N consecutive days from the Monday start" started.
✔ Test "weekDays returns N consecutive days from the Monday start" passed after 0.004 seconds.
◇ Test "goToToday resets the selected day to today" started.
✔ Test "goToToday resets the selected day to today" passed after 0.006 seconds.
✔ Suite "AppState navigation" passed after 0.022 seconds.
◇ Suite "Backup export/import" started.
◇ Test "Plaintext round-trip preserves every field" started.
✔ Test "Plaintext round-trip preserves every field" passed after 0.002 seconds.
◇ Test "Plaintext backup is human-readable JSON (not base64)" started.
✔ Test "Plaintext backup is human-readable JSON (not base64)" passed after 0.001 seconds.
◇ Test "Encrypted round-trip preserves every field" started.
✔ Test "Encrypted round-trip preserves every field" passed after 0.173 seconds.
◇ Test "Empty store round-trips" started.
✔ Test "Empty store round-trips" passed after 0.001 seconds.
◇ Test "Wrong passphrase is rejected" started.
✔ Test "Wrong passphrase is rejected" passed after 0.170 seconds.
◇ Test "Encrypted file with no passphrase is rejected" started.
✔ Test "Encrypted file with no passphrase is rejected" passed after 0.086 seconds.
◇ Test "Tampered ciphertext fails authentication" started.
✔ Test "Tampered ciphertext fails authentication" passed after 0.172 seconds.
◇ Test "A newer schema version is rejected" started.
✔ Test "A newer schema version is rejected" passed after 0.001 seconds.
◇ Test "Short passphrase is rejected on export" started.
✔ Test "Short passphrase is rejected on export" passed after 0.001 seconds.
◇ Test "Garbage bytes are reported as corrupt" started.
✔ Test "Garbage bytes are reported as corrupt" passed after 0.001 seconds.
◇ Test "A dangling relationship reference is rejected" started.
✔ Test "A dangling relationship reference is rejected" passed after 0.001 seconds.
◇ Test "A task on both a day and a list is rejected" started.
✔ Test "A task on both a day and a list is rejected" passed after 0.001 seconds.
◇ Test "A malicious iteration count is rejected, not executed" started.
✔ Test "A malicious iteration count is rejected, not executed" passed after 0.089 seconds.
◇ Test "Fractional-second timestamps round-trip losslessly" started.
✔ Test "Fractional-second timestamps round-trip losslessly" passed after 0.001 seconds.
◇ Test "An out-of-range occurrence time override is rejected" started.
✔ Test "An out-of-range occurrence time override is rejected" passed after 0.001 seconds.
◇ Test "Duplicate tag ids on a task are rejected" started.
✔ Test "Duplicate tag ids on a task are rejected" passed after 0.001 seconds.
◇ Test "A non-positive recurrence count is rejected" started.
✔ Test "A non-positive recurrence count is rejected" passed after 0.001 seconds.
◇ Test "Custom-weekday recurrence with no weekdays is rejected" started.
✔ Test "Custom-weekday recurrence with no weekdays is rejected" passed after 0.001 seconds.
◇ Test "Days-of-month recurrence with no days is rejected" started.
✔ Test "Days-of-month recurrence with no days is rejected" passed after 0.001 seconds.
◇ Test "Two occurrences for the same template+day are rejected" started.
✔ Test "Two occurrences for the same template+day are rejected" passed after 0.001 seconds.
◇ Test "Decoder accepts both whole-second and fractional ISO-8601 dates" started.
✔ Test "Decoder accepts both whole-second and fractional ISO-8601 dates" passed after 0.001 seconds.
◇ Test "Import size limit fails closed on unknown size" started.
✔ Test "Import size limit fails closed on unknown size" passed after 0.001 seconds.
✔ Suite "Backup export/import" passed after 0.701 seconds.
◇ Suite "Backup restore" started.
◇ Test "Restore replaces the store and rebuilds every relationship" started.
✔ Test "Restore replaces the store and rebuilds every relationship" passed after 0.008 seconds.
◇ Test "An invalid backup throws and leaves the existing store intact" started.
✔ Test "An invalid backup throws and leaves the existing store intact" passed after 0.003 seconds.
◇ Test "Round-trip through live models via snapshot + restore is lossless" started.
✔ Test "Round-trip through live models via snapshot + restore is lossless" passed after 0.005 seconds.
◇ Test "Diff preview counts adds and removes" started.
✔ Test "Diff preview counts adds and removes" passed after 0.002 seconds.
✔ Suite "Backup restore" passed after 0.019 seconds.
◇ Suite "Behavior" started.
◇ Test "Sort by priority puts higher priority first" started.
✔ Test "Sort by priority puts higher priority first" passed after 0.002 seconds.
◇ Test "Completed tasks sink to the bottom" started.
✔ Test "Completed tasks sink to the bottom" passed after 0.001 seconds.
◇ Test "Sort by time keeps untimed tasks last" started.
✔ Test "Sort by time keeps untimed tasks last" passed after 0.002 seconds.
◇ Test "Carry-forward moves only past, unfinished, non-recurring tasks to today" started.
✔ Test "Carry-forward moves only past, unfinished, non-recurring tasks to today" passed after 0.003 seconds.
✔ Suite "Behavior" passed after 0.009 seconds.
◇ Suite "Editor support" started.
◇ Test "timeLabel formats minutes-since-midnight as HH:mm" started.
✔ Test "timeLabel formats minutes-since-midnight as HH:mm" passed after 0.001 seconds.
◇ Test "priority maps to/from the stored integer" started.
✔ Test "priority maps to/from the stored integer" passed after 0.001 seconds.
✔ Suite "Editor support" passed after 0.001 seconds.
◇ Suite "Model & persistence" started.
◇ Test "Insert and fetch a task" started.
✔ Test "Insert and fetch a task" passed after 0.003 seconds.
◇ Test "Subtasks cascade-delete with their task" started.
✔ Test "Subtasks cascade-delete with their task" passed after 0.004 seconds.
◇ Test "Deleting a custom list cascades to its tasks" started.
✔ Test "Deleting a custom list cascades to its tasks" passed after 0.004 seconds.
◇ Test "Deleting a task cascades its occurrences" started.
✔ Test "Deleting a task cascades its occurrences" passed after 0.004 seconds.
◇ Test "Deleting a task preserves its tags (only the association is removed)" started.
✔ Test "Deleting a task preserves its tags (only the association is removed)" passed after 0.004 seconds.
◇ Test "Deleting a tag preserves tasks and clears the association" started.
✔ Test "Deleting a tag preserves tasks and clears the association" passed after 0.003 seconds.
◇ Test "Recurrence rule round-trips as a codable attribute" started.
✔ Test "Recurrence rule round-trips as a codable attribute" passed after 0.002 seconds.
✔ Suite "Model & persistence" passed after 0.027 seconds.
◇ Suite "Task search matching" started.
◇ Test "normalize trims whitespace" started.
✔ Test "normalize trims whitespace" passed after 0.001 seconds.
◇ Test "matches title or notes, case-insensitively" started.
✔ Test "matches title or notes, case-insensitively" passed after 0.001 seconds.
✔ Suite "Task search matching" passed after 0.001 seconds.
◇ Suite "Task search ranking" started.
◇ Test "Ranks title hits above notes-only hits and excludes non-matches" started.
✔ Test "Ranks title hits above notes-only hits and excludes non-matches" passed after 0.002 seconds.
◇ Test "Equal-timestamp title hits order stably by id" started.
✔ Test "Equal-timestamp title hits order stably by id" passed after 0.002 seconds.
✔ Suite "Task search ranking" passed after 0.005 seconds.
◇ Suite "Smoke" started.
◇ Test "App module loads" started.
✔ Test "App module loads" passed after 0.001 seconds.
✔ Suite "Smoke" passed after 0.001 seconds.
◇ Suite "Update version comparison" started.
◇ Test "Strips a leading v" started.
✔ Test "Strips a leading v" passed after 0.001 seconds.
◇ Test "Detects a newer version" started.
✔ Test "Detects a newer version" passed after 0.001 seconds.
◇ Test "Same or older is not newer" started.
✔ Test "Same or older is not newer" passed after 0.001 seconds.
◇ Test "Compares numerically, not lexically" started.
✔ Test "Compares numerically, not lexically" passed after 0.001 seconds.
◇ Test "Prerelease tags rank below the matching stable release" started.
✔ Test "Prerelease tags rank below the matching stable release" passed after 0.001 seconds.
✔ Suite "Update version comparison" passed after 0.001 seconds.
◇ Suite "WeekMath" started.
◇ Test "dayKey formats zero-padded yyyyMMdd" started.
✔ Test "dayKey formats zero-padded yyyyMMdd" passed after 0.001 seconds.
◇ Test "dayKey round-trips through date(fromDayKey:)" started.
✔ Test "dayKey round-trips through date(fromDayKey:)" passed after 0.001 seconds.
◇ Test "startOfWeek honors Monday vs Sunday" started.
✔ Test "startOfWeek honors Monday vs Sunday" passed after 0.001 seconds.
◇ Test "weekDates returns N consecutive days" started.
✔ Test "weekDates returns N consecutive days" passed after 0.001 seconds.
◇ Test "monthGridDays covers 6 weeks starting on the chosen weekday and includes the 1st" started.
✔ Test "monthGridDays covers 6 weeks starting on the chosen weekday and includes the 1st" passed after 0.001 seconds.
✔ Suite "WeekMath" passed after 0.001 seconds.
✔ Test run with 57 tests in 11 suites passed after 0.789 seconds.
2026-08-14 22:42:30.554 xcodebuild[4914:6549342] [MT] IDETestOperationsObserverDebug: 2.262 elapsed -- Testing started completed.
2026-08-14 22:42:30.554 xcodebuild[4914:6549342] [MT] IDETestOperationsObserverDebug: 0.000 sec, +0.000 sec -- start
2026-08-14 22:42:30.554 xcodebuild[4914:6549342] [MT] IDETestOperationsObserverDebug: 2.262 sec, +2.262 sec -- end

Test session results, code coverage, and logs:
	/Users/nikhil.komakula/Library/Developer/Xcode/DerivedData/TickyTask-hcqdjxkpbjabftcldmtssoeunekq/Logs/Test/Test-TickyTask-2026.08.14_22-42-25-+0530.xcresult

** TEST SUCCEEDED **

Testing started
